[debug] [2025-12-29T13:53:31.971Z] ----------------------------------------------------------------------
[debug] [2025-12-29T13:53:31.973Z] Command:       C:\Program Files\nodejs\node.exe C:\Users\PC\AppData\Roaming\npm\node_modules\firebase-tools\lib\bin\firebase.js init
[debug] [2025-12-29T13:53:31.974Z] CLI Version:   15.1.0
[debug] [2025-12-29T13:53:31.974Z] Platform:      win32
[debug] [2025-12-29T13:53:31.974Z] Node Version:  v24.12.0
[debug] [2025-12-29T13:53:31.975Z] Time:          Mon Dec 29 2025 19:53:31 GMT+0600 (Bangladesh Standard Time)
[debug] [2025-12-29T13:53:31.975Z] ----------------------------------------------------------------------
[debug] 
[info] 
     ######## #### ########  ######## ########     ###     ######  ########
     ##        ##  ##     ## ##       ##     ##  ##   ##  ##       ##
     ######    ##  ########  ######   ########  #########  ######  ######
     ##        ##  ##    ##  ##       ##     ## ##     ##       ## ##
     ##       #### ##     ## ######## ########  ##     ##  ######  ########

You're about to initialize a Firebase project in this directory:

  C:\Users\PC\Documents\practice

[info] 
=== Project Setup
[info] 
[info] First, let's associate this project directory with a Firebase project.
[info] You can create multiple project aliases by running firebase use --add, 
[info] 
[debug] [2025-12-29T13:54:49.734Z] > command requires scopes: ["email","openid","https://www.googleapis.com/auth/cloudplatformprojects.readonly","https://www.googleapis.com/auth/firebase","https://www.googleapis.com/auth/cloud-platform"]
[debug] [2025-12-29T13:54:49.734Z] > authorizing via signed-in user (wpotc00@gmail.com)
[debug] [2025-12-29T13:54:49.735Z] Checked if tokens are valid: true, expires at: 1767019980695
[debug] [2025-12-29T13:54:49.735Z] Checked if tokens are valid: true, expires at: 1767019980695
[debug] [2025-12-29T13:54:49.736Z] >>> [apiv2][query] GET https://firebase.googleapis.com/v1beta1/projects pageSize=100
[debug] [2025-12-29T13:54:50.496Z] <<< [apiv2][status] GET https://firebase.googleapis.com/v1beta1/projects 200
[debug] [2025-12-29T13:54:50.496Z] <<< [apiv2][body] GET https://firebase.googleapis.com/v1beta1/projects [omitted]
[info] 
=== Hosting Setup
[debug] [2025-12-29T13:54:53.556Z] Checked if tokens are valid: true, expires at: 1767019980695
[debug] [2025-12-29T13:54:53.556Z] Checked if tokens are valid: true, expires at: 1767019980695
[debug] [2025-12-29T13:54:53.557Z] >>> [apiv2][query] GET https://firebase.googleapis.com/v1beta1/projects/dept-management-19 [none]
[debug] [2025-12-29T13:54:53.905Z] <<< [apiv2][status] GET https://firebase.googleapis.com/v1beta1/projects/dept-management-19 200
[debug] [2025-12-29T13:54:53.906Z] <<< [apiv2][body] GET https://firebase.googleapis.com/v1beta1/projects/dept-management-19 {"projectId":"dept-management-19","projectNumber":"48065750916","displayName":"dept-management","name":"projects/dept-management-19","resources":{"hostingSite":"dept-management-19","realtimeDatabaseInstance":"dept-management-19-default-rtdb"},"state":"ACTIVE","etag":"1_ed330e63-8751-4a6d-8da8-b2c6a4b555da"}
[info] 
[info] Your public directory is the folder (relative to your project directory) that
[info] will contain Hosting assets to be uploaded with firebase deploy. If you
[info] have a build process for your assets, use your build's output directory.
[info] 
[info] 
[info] i  Detected a .git folder at C:\Users\PC\Documents\practice 
[info] i  Authorizing with GitHub to upload your service account to a GitHub repository's secrets store. 
[info] 
[info] Visit this URL on this device to log in:
[info] https://github.com/login/oauth/authorize?client_id=89cf50f02ac6aaed3484&state=273011664&redirect_uri=http%3A%2F%2Flocalhost%3A9005&scope=read%3Auser%20repo%20public_repo
[info] 
[info] Waiting for authentication...
